// Vitest Snapshot v1, https://vitest.dev/guide/snapshot.html

exports[`Advanced Markdown File Test > should match snapshot for advanced.md > advancedMd 1`] = `
{
  "category": "Program",
  "children": [
    {
      "category": "MarkdownHeading",
      "children": [
        {
          "category": "MarkdownHeading",
          "children": [
            {
              "category": "MarkdownHeading",
              "children": [
                {
                  "category": "MarkdownList",
                  "children": [],
                  "id": "/Users/byronwall/Projects/react-ts-viewer/src/__tests__/__fixtures__/advanced.md:7:1:3",
                  "kind": 0,
                  "label": "Unordered List",
                  "loc": {
                    "end": {
                      "column": 8,
                      "line": 10,
                    },
                    "start": {
                      "column": 0,
                      "line": 7,
                    },
                  },
                  "meta": {},
                  "source": "- Item 1
  - Nested Item 1.1
  - Nested Item 1.2
- Item 2",
                  "value": 57,
                },
              ],
              "id": "/Users/byronwall/Projects/react-ts-viewer/src/__tests__/__fixtures__/advanced.md:5:1:2",
              "kind": 0,
              "label": "H3: Unordered List",
              "loc": {
                "end": {
                  "column": 18,
                  "line": 5,
                },
                "start": {
                  "column": 0,
                  "line": 5,
                },
              },
              "meta": {
                "depth": 3,
              },
              "source": "### Unordered List
- Item 1
  - Nested Item 1.1
  - Nested Item 1.2
- Item 2",
              "value": 76,
            },
            {
              "category": "MarkdownHeading",
              "children": [
                {
                  "category": "MarkdownList",
                  "children": [],
                  "id": "/Users/byronwall/Projects/react-ts-viewer/src/__tests__/__fixtures__/advanced.md:14:1:5",
                  "kind": 0,
                  "label": "Ordered List",
                  "loc": {
                    "end": {
                      "column": 13,
                      "line": 18,
                    },
                    "start": {
                      "column": 0,
                      "line": 14,
                    },
                  },
                  "meta": {},
                  "source": "1. First item
2. Second item
   1. Sub-item 2.1
   2. Sub-item 2.2
3. Third item",
                  "value": 80,
                },
              ],
              "id": "/Users/byronwall/Projects/react-ts-viewer/src/__tests__/__fixtures__/advanced.md:12:1:4",
              "kind": 0,
              "label": "H3: Ordered List",
              "loc": {
                "end": {
                  "column": 16,
                  "line": 12,
                },
                "start": {
                  "column": 0,
                  "line": 12,
                },
              },
              "meta": {
                "depth": 3,
              },
              "source": "### Ordered List
1. First item
2. Second item
   1. Sub-item 2.1
   2. Sub-item 2.2
3. Third item",
              "value": 97,
            },
          ],
          "id": "/Users/byronwall/Projects/react-ts-viewer/src/__tests__/__fixtures__/advanced.md:3:1:1",
          "kind": 0,
          "label": "H2: Lists",
          "loc": {
            "end": {
              "column": 8,
              "line": 3,
            },
            "start": {
              "column": 0,
              "line": 3,
            },
          },
          "meta": {
            "depth": 2,
          },
          "source": "## Lists
### Unordered List
- Item 1
  - Nested Item 1.1
  - Nested Item 1.2
- Item 2
### Ordered List
1. First item
2. Second item
   1. Sub-item 2.1
   2. Sub-item 2.2
3. Third item",
          "value": 183,
        },
        {
          "category": "MarkdownHeading",
          "children": [
            {
              "category": "MarkdownBlockquote",
              "children": [
                {
                  "category": "MarkdownParagraph",
                  "children": [],
                  "id": "/Users/byronwall/Projects/react-ts-viewer/src/__tests__/__fixtures__/advanced.md:22:3:8",
                  "kind": 0,
                  "label": "This is a blockquote.
It can s...",
                  "loc": {
                    "end": {
                      "column": 29,
                      "line": 23,
                    },
                    "start": {
                      "column": 2,
                      "line": 22,
                    },
                  },
                  "meta": {},
                  "source": "This is a blockquote.
> It can span multiple lines.",
                  "value": 51,
                },
              ],
              "id": "/Users/byronwall/Projects/react-ts-viewer/src/__tests__/__fixtures__/advanced.md:22:1:7",
              "kind": 0,
              "label": "Blockquote",
              "loc": {
                "end": {
                  "column": 29,
                  "line": 23,
                },
                "start": {
                  "column": 0,
                  "line": 22,
                },
              },
              "meta": {},
              "source": "> This is a blockquote.
> It can span multiple lines.
This is a blockquote.
> It can span multiple lines.",
              "value": 105,
            },
          ],
          "id": "/Users/byronwall/Projects/react-ts-viewer/src/__tests__/__fixtures__/advanced.md:20:1:6",
          "kind": 0,
          "label": "H2: Blockquotes",
          "loc": {
            "end": {
              "column": 14,
              "line": 20,
            },
            "start": {
              "column": 0,
              "line": 20,
            },
          },
          "meta": {
            "depth": 2,
          },
          "source": "## Blockquotes
> This is a blockquote.
> It can span multiple lines.
This is a blockquote.
> It can span multiple lines.",
          "value": 120,
        },
        {
          "category": "MarkdownHeading",
          "children": [
            {
              "category": "MarkdownHeading",
              "children": [
                {
                  "category": "MarkdownParagraph",
                  "children": [],
                  "id": "/Users/byronwall/Projects/react-ts-viewer/src/__tests__/__fixtures__/advanced.md:29:1:11",
                  "kind": 0,
                  "label": "This is .",
                  "loc": {
                    "end": {
                      "column": 22,
                      "line": 29,
                    },
                    "start": {
                      "column": 0,
                      "line": 29,
                    },
                  },
                  "meta": {},
                  "source": "This is \`inline code\`.",
                  "value": 22,
                },
              ],
              "id": "/Users/byronwall/Projects/react-ts-viewer/src/__tests__/__fixtures__/advanced.md:27:1:10",
              "kind": 0,
              "label": "H3: Inline Code",
              "loc": {
                "end": {
                  "column": 15,
                  "line": 27,
                },
                "start": {
                  "column": 0,
                  "line": 27,
                },
              },
              "meta": {
                "depth": 3,
              },
              "source": "### Inline Code
This is \`inline code\`.",
              "value": 38,
            },
            {
              "category": "MarkdownHeading",
              "children": [
                {
                  "category": "MarkdownCodeBlock",
                  "children": [],
                  "id": "/Users/byronwall/Projects/react-ts-viewer/src/__tests__/__fixtures__/advanced.md:33:1:13",
                  "kind": 0,
                  "label": "Code (javascript)",
                  "loc": {
                    "end": {
                      "column": 3,
                      "line": 38,
                    },
                    "start": {
                      "column": 0,
                      "line": 33,
                    },
                  },
                  "meta": {
                    "lang": "javascript",
                  },
                  "source": "\`\`\`javascript
function greet(name) {
  console.log(\`Hello, \${name}!\`);
}
greet("World");
\`\`\`",
                  "value": 92,
                },
              ],
              "id": "/Users/byronwall/Projects/react-ts-viewer/src/__tests__/__fixtures__/advanced.md:31:1:12",
              "kind": 0,
              "label": "H3: Fenced Code Block (JavaScript)",
              "loc": {
                "end": {
                  "column": 34,
                  "line": 31,
                },
                "start": {
                  "column": 0,
                  "line": 31,
                },
              },
              "meta": {
                "depth": 3,
              },
              "source": "### Fenced Code Block (JavaScript)
\`\`\`javascript
function greet(name) {
  console.log(\`Hello, \${name}!\`);
}
greet("World");
\`\`\`",
              "value": 127,
            },
            {
              "category": "MarkdownHeading",
              "children": [
                {
                  "category": "MarkdownCodeBlock",
                  "children": [],
                  "id": "/Users/byronwall/Projects/react-ts-viewer/src/__tests__/__fixtures__/advanced.md:42:1:15",
                  "kind": 0,
                  "label": "Code (python)",
                  "loc": {
                    "end": {
                      "column": 3,
                      "line": 47,
                    },
                    "start": {
                      "column": 0,
                      "line": 42,
                    },
                  },
                  "meta": {
                    "lang": "python",
                  },
                  "source": "\`\`\`python
def greet(name):
  print(f"Hello, {name}!")

greet("World")
\`\`\`",
                  "value": 73,
                },
              ],
              "id": "/Users/byronwall/Projects/react-ts-viewer/src/__tests__/__fixtures__/advanced.md:40:1:14",
              "kind": 0,
              "label": "H3: Fenced Code Block (Python)",
              "loc": {
                "end": {
                  "column": 30,
                  "line": 40,
                },
                "start": {
                  "column": 0,
                  "line": 40,
                },
              },
              "meta": {
                "depth": 3,
              },
              "source": "### Fenced Code Block (Python)
\`\`\`python
def greet(name):
  print(f"Hello, {name}!")

greet("World")
\`\`\`",
              "value": 104,
            },
          ],
          "id": "/Users/byronwall/Projects/react-ts-viewer/src/__tests__/__fixtures__/advanced.md:25:1:9",
          "kind": 0,
          "label": "H2: Code Blocks",
          "loc": {
            "end": {
              "column": 14,
              "line": 25,
            },
            "start": {
              "column": 0,
              "line": 25,
            },
          },
          "meta": {
            "depth": 2,
          },
          "source": "## Code Blocks
### Inline Code
This is \`inline code\`.
### Fenced Code Block (JavaScript)
\`\`\`javascript
function greet(name) {
  console.log(\`Hello, \${name}!\`);
}
greet("World");
\`\`\`
### Fenced Code Block (Python)
\`\`\`python
def greet(name):
  print(f"Hello, {name}!")

greet("World")
\`\`\`",
          "value": 286,
        },
        {
          "category": "MarkdownHeading",
          "children": [
            {
              "category": "MarkdownTable",
              "children": [],
              "id": "/Users/byronwall/Projects/react-ts-viewer/src/__tests__/__fixtures__/advanced.md:51:1:17",
              "kind": 0,
              "label": "Table",
              "loc": {
                "end": {
                  "column": 46,
                  "line": 54,
                },
                "start": {
                  "column": 0,
                  "line": 51,
                },
              },
              "meta": {},
              "source": "| Header 1     | Header 2     | Header 3     |
| ------------ | ------------ | ------------ |
| Row 1, Col 1 | Row 1, Col 2 | Row 1, Col 3 |
| Row 2, Col 1 | Row 2, Col 2 | Row 2, Col 3 |",
              "value": 187,
            },
          ],
          "id": "/Users/byronwall/Projects/react-ts-viewer/src/__tests__/__fixtures__/advanced.md:49:1:16",
          "kind": 0,
          "label": "H2: Tables",
          "loc": {
            "end": {
              "column": 9,
              "line": 49,
            },
            "start": {
              "column": 0,
              "line": 49,
            },
          },
          "meta": {
            "depth": 2,
          },
          "source": "## Tables
| Header 1     | Header 2     | Header 3     |
| ------------ | ------------ | ------------ |
| Row 1, Col 1 | Row 1, Col 2 | Row 1, Col 3 |
| Row 2, Col 1 | Row 2, Col 2 | Row 2, Col 3 |",
          "value": 197,
        },
        {
          "category": "MarkdownHeading",
          "children": [
            {
              "category": "MarkdownThematicBreak",
              "children": [],
              "id": "/Users/byronwall/Projects/react-ts-viewer/src/__tests__/__fixtures__/advanced.md:58:1:19",
              "kind": 0,
              "label": "---",
              "loc": {
                "end": {
                  "column": 3,
                  "line": 58,
                },
                "start": {
                  "column": 0,
                  "line": 58,
                },
              },
              "meta": {},
              "source": "---",
              "value": 3,
            },
          ],
          "id": "/Users/byronwall/Projects/react-ts-viewer/src/__tests__/__fixtures__/advanced.md:56:1:18",
          "kind": 0,
          "label": "H2: Horizontal Rule",
          "loc": {
            "end": {
              "column": 18,
              "line": 56,
            },
            "start": {
              "column": 0,
              "line": 56,
            },
          },
          "meta": {
            "depth": 2,
          },
          "source": "## Horizontal Rule
---",
          "value": 22,
        },
        {
          "category": "MarkdownHeading",
          "children": [
            {
              "category": "MarkdownParagraph",
              "children": [
                {
                  "category": "MarkdownImage",
                  "children": [],
                  "id": "/Users/byronwall/Projects/react-ts-viewer/src/__tests__/__fixtures__/advanced.md:63:1:22",
                  "kind": 0,
                  "label": "Alt text for image",
                  "loc": {
                    "end": {
                      "column": 54,
                      "line": 63,
                    },
                    "start": {
                      "column": 0,
                      "line": 63,
                    },
                  },
                  "meta": {},
                  "source": "![Alt text for image](https://via.placeholder.com/150)",
                  "value": 54,
                },
              ],
              "id": "/Users/byronwall/Projects/react-ts-viewer/src/__tests__/__fixtures__/advanced.md:62:1:21",
              "kind": 0,
              "label": "
",
              "loc": {
                "end": {
                  "column": 54,
                  "line": 63,
                },
                "start": {
                  "column": 0,
                  "line": 62,
                },
              },
              "meta": {},
              "source": "[Link to Google](https://www.google.com)
![Alt text for image](https://via.placeholder.com/150)
![Alt text for image](https://via.placeholder.com/150)",
              "value": 150,
            },
          ],
          "id": "/Users/byronwall/Projects/react-ts-viewer/src/__tests__/__fixtures__/advanced.md:60:1:20",
          "kind": 0,
          "label": "H2: Links and Images",
          "loc": {
            "end": {
              "column": 19,
              "line": 60,
            },
            "start": {
              "column": 0,
              "line": 60,
            },
          },
          "meta": {
            "depth": 2,
          },
          "source": "## Links and Images
[Link to Google](https://www.google.com)
![Alt text for image](https://via.placeholder.com/150)
![Alt text for image](https://via.placeholder.com/150)",
          "value": 170,
        },
        {
          "category": "MarkdownHeading",
          "children": [
            {
              "category": "MarkdownList",
              "children": [],
              "id": "/Users/byronwall/Projects/react-ts-viewer/src/__tests__/__fixtures__/advanced.md:67:1:24",
              "kind": 0,
              "label": "Unordered List",
              "loc": {
                "end": {
                  "column": 21,
                  "line": 68,
                },
                "start": {
                  "column": 0,
                  "line": 67,
                },
              },
              "meta": {},
              "source": "- [x] Completed task
- [ ] Incomplete task",
              "value": 42,
            },
          ],
          "id": "/Users/byronwall/Projects/react-ts-viewer/src/__tests__/__fixtures__/advanced.md:65:1:23",
          "kind": 0,
          "label": "H2: Task Lists",
          "loc": {
            "end": {
              "column": 13,
              "line": 65,
            },
            "start": {
              "column": 0,
              "line": 65,
            },
          },
          "meta": {
            "depth": 2,
          },
          "source": "## Task Lists
- [x] Completed task
- [ ] Incomplete task",
          "value": 56,
        },
      ],
      "id": "/Users/byronwall/Projects/react-ts-viewer/src/__tests__/__fixtures__/advanced.md:1:1:0",
      "kind": 0,
      "label": "H1: Advanced Markdown Features",
      "loc": {
        "end": {
          "column": 28,
          "line": 1,
        },
        "start": {
          "column": 0,
          "line": 1,
        },
      },
      "meta": {
        "depth": 1,
      },
      "source": "# Advanced Markdown Features
## Lists
### Unordered List
- Item 1
  - Nested Item 1.1
  - Nested Item 1.2
- Item 2
### Ordered List
1. First item
2. Second item
   1. Sub-item 2.1
   2. Sub-item 2.2
3. Third item
## Blockquotes
> This is a blockquote.
> It can span multiple lines.
This is a blockquote.
> It can span multiple lines.
## Code Blocks
### Inline Code
This is \`inline code\`.
### Fenced Code Block (JavaScript)
\`\`\`javascript
function greet(name) {
  console.log(\`Hello, \${name}!\`);
}
greet("World");
\`\`\`
### Fenced Code Block (Python)
\`\`\`python
def greet(name):
  print(f"Hello, {name}!")

greet("World")
\`\`\`
## Tables
| Header 1     | Header 2     | Header 3     |
| ------------ | ------------ | ------------ |
| Row 1, Col 1 | Row 1, Col 2 | Row 1, Col 3 |
| Row 2, Col 1 | Row 2, Col 2 | Row 2, Col 3 |
## Horizontal Rule
---
## Links and Images
[Link to Google](https://www.google.com)
![Alt text for image](https://via.placeholder.com/150)
![Alt text for image](https://via.placeholder.com/150)
## Task Lists
- [x] Completed task
- [ ] Incomplete task",
      "value": 1069,
    },
  ],
  "id": "/Users/byronwall/Projects/react-ts-viewer/src/__tests__/__fixtures__/advanced.md",
  "kind": 0,
  "label": "advanced.md",
  "loc": {
    "end": {
      "column": 0,
      "line": 69,
    },
    "start": {
      "column": 0,
      "line": 1,
    },
  },
  "meta": {
    "depth": 0,
  },
  "source": "# Advanced Markdown Features

## Lists

### Unordered List

- Item 1
  - Nested Item 1.1
  - Nested Item 1.2
- Item 2

### Ordered List

1. First item
2. Second item
   1. Sub-item 2.1
   2. Sub-item 2.2
3. Third item

## Blockquotes

> This is a blockquote.
> It can span multiple lines.

## Code Blocks

### Inline Code

This is \`inline code\`.

### Fenced Code Block (JavaScript)

\`\`\`javascript
function greet(name) {
  console.log(\`Hello, \${name}!\`);
}
greet("World");
\`\`\`

### Fenced Code Block (Python)

\`\`\`python
def greet(name):
  print(f"Hello, {name}!")

greet("World")
\`\`\`

## Tables

| Header 1     | Header 2     | Header 3     |
| ------------ | ------------ | ------------ |
| Row 1, Col 1 | Row 1, Col 2 | Row 1, Col 3 |
| Row 2, Col 1 | Row 2, Col 2 | Row 2, Col 3 |

## Horizontal Rule

---

## Links and Images

[Link to Google](https://www.google.com)
![Alt text for image](https://via.placeholder.com/150)

## Task Lists

- [x] Completed task
- [ ] Incomplete task
",
  "value": 985,
}
`;
