// Vitest Snapshot v1, https://vitest.dev/guide/snapshot.html

exports[`Sample Markdown File Test > should match snapshot for sample.md > sampleMd 1`] = `
{
  "category": "Program",
  "children": [
    {
      "category": "MarkdownHeading",
      "children": [
        {
          "category": "MarkdownParagraph",
          "children": [],
          "id": "/Users/byronwall/Projects/react-ts-viewer/src/__tests__/__fixtures__/sample.md:3:1:1",
          "kind": 0,
          "label": "This is a sample markdown file...",
          "loc": {
            "end": {
              "column": 31,
              "line": 3,
            },
            "start": {
              "column": 0,
              "line": 3,
            },
          },
          "meta": {},
          "source": "This is a sample markdown file.",
          "value": 31,
        },
        {
          "category": "MarkdownList",
          "children": [],
          "id": "/Users/byronwall/Projects/react-ts-viewer/src/__tests__/__fixtures__/sample.md:5:1:2",
          "kind": 0,
          "label": "Unordered List",
          "loc": {
            "end": {
              "column": 8,
              "line": 6,
            },
            "start": {
              "column": 0,
              "line": 5,
            },
          },
          "meta": {},
          "source": "- Item 1
- Item 2",
          "value": 17,
        },
        {
          "category": "MarkdownParagraph",
          "children": [],
          "id": "/Users/byronwall/Projects/react-ts-viewer/src/__tests__/__fixtures__/sample.md:8:1:3",
          "kind": 0,
          "label": "Paragraph",
          "loc": {
            "end": {
              "column": 27,
              "line": 8,
            },
            "start": {
              "column": 0,
              "line": 8,
            },
          },
          "meta": {},
          "source": "[Link](https://example.com)",
          "value": 27,
        },
      ],
      "id": "/Users/byronwall/Projects/react-ts-viewer/src/__tests__/__fixtures__/sample.md:1:1:0",
      "kind": 0,
      "label": "H1: Sample Markdown",
      "loc": {
        "end": {
          "column": 17,
          "line": 1,
        },
        "start": {
          "column": 0,
          "line": 1,
        },
      },
      "meta": {
        "depth": 1,
      },
      "source": "# Sample Markdown
This is a sample markdown file.
- Item 1
- Item 2
[Link](https://example.com)",
      "value": 95,
    },
  ],
  "id": "/Users/byronwall/Projects/react-ts-viewer/src/__tests__/__fixtures__/sample.md",
  "kind": 0,
  "label": "sample.md",
  "loc": {
    "end": {
      "column": 0,
      "line": 9,
    },
    "start": {
      "column": 0,
      "line": 1,
    },
  },
  "meta": {
    "depth": 0,
  },
  "source": "# Sample Markdown

This is a sample markdown file.

- Item 1
- Item 2

[Link](https://example.com)
",
  "value": 99,
}
`;
